=== Run started: sön 27 sep 2026 09:24:42 UTC ===

           WebGrab+Plus/w MDB & REX Postprocess -- version  V5.3.0.0            

                                Jan van Straaten                                
                             Francis De Paemeleere                              

 thanks to Paul Weterings, Mat8861, Blackbear199 and all the contributing users 
--------------------------------------------------------------------------------

Job started at 27/09/2026 09:24:42
Checking Internet ..
For License request/update data, see WGLicense.log.txt
Checking License ..
-   Program benefits setting "donator_license"
found: ./siteini.pack/Sweden/dagenstv.com.ini -- Revision 14
found: ./siteini.pack/UK/virginmedia.com.ini -- Revision 00
found: ./siteini.pack/Sweden/allente.se.ini -- Revision 02
found: ./siteini.pack/Sweden/allente.se_simple.ini -- Revision 00
found: ./siteini.pack/Australia/freeview.com.au.ini -- Revision 07
encrypted in 'new (V3)' mode
processing /home/cabasa/epg/epg.xml ...
Found existing channel (xmltv_id=SVT1 FHD SE) in the config file
Found existing channel (xmltv_id=SVT2 FHD SE) in the config file
Found existing channel (xmltv_id=TV3 FHD SE) in the config file
Found existing channel (xmltv_id=TV4 FHD SE) in the config file
Found existing channel (xmltv_id=Kanal 5 FHD SE) in the config file
Found existing channel (xmltv_id=TV6 HD SE) in the config file
Found existing channel (xmltv_id=Sjuan HD SE) in the config file
Found existing channel (xmltv_id=TV8 FHD SE) in the config file
Found existing channel (xmltv_id=Kanal 9 FHD SE) in the config file
Found existing channel (xmltv_id=TV10 HD SE) in the config file
Found existing channel (xmltv_id=Kanal 11 HD SE) in the config file
Found existing channel (xmltv_id=TV12 HD SE) in the config file
Found existing channel (xmltv_id=TV12 FHD SE) in the config file
Found existing channel (xmltv_id=Travel Channel HD SE) in the config file
Found existing channel (xmltv_id=TLC FHD SE) in the config file
Found existing channel (xmltv_id=GodareTV FHD SE) in the config file
Found existing channel (xmltv_id=TV4 Guld SE) in the config file
Found existing channel (xmltv_id=BBC Nordic FHD SE) in the config file
Found existing channel (xmltv_id=Discovery Science FHD SE) in the config file
Found existing channel (xmltv_id=Discovery Channel FHD SE) in the config file
Found existing channel (xmltv_id=Investigation Discovery HD SE) in the config file
Found existing channel (xmltv_id=Investigation Discovery SE) in the config file
Found existing channel (xmltv_id=Animal Planet FHD SE) in the config file
Found existing channel (xmltv_id=National Geographic FHD SE) in the config file
Found existing channel (xmltv_id=History FHD SE) in the config file
Found existing channel (xmltv_id=BBC World News SE) in the config file
Found existing channel (xmltv_id=SVT Kunskapskanalen FHD SE) in the config file
Found existing channel (xmltv_id=Al Jazeera FHD SE) in the config file
Found existing channel (xmltv_id=Eurosport 1 FHD SE) in the config file
Found existing channel (xmltv_id=Eurosport 2 FHD SE) in the config file
Found existing channel (xmltv_id=V Sport Motor FHD SE) in the config file
Found existing channel (xmltv_id=TV4 Motor HD FHD SE) in the config file
Found existing channel (xmltv_id=TV4 Hockey FHD SE) in the config file
Found existing channel (xmltv_id=TV4 Sportkanalen FHD SE) in the config file
Found existing channel (xmltv_id=TV4 Sport Live FHD SE) in the config file
Found existing channel (xmltv_id=TV4 Sport Live HD SE) in the config file
Found existing channel (xmltv_id=TV4 Sport Live 2 FHD SE) in the config file
Found existing channel (xmltv_id=TV4 Sport Live 2 HD SE) in the config file
Found existing channel (xmltv_id=TV4 Sport Live 3 FHD SE) in the config file
Found existing channel (xmltv_id=TV4 Sport Live 3 HD SE) in the config file
Found existing channel (xmltv_id=TV4 Sport Live 4 FHD SE) in the config file
Found existing channel (xmltv_id=TV4 Sport Live 4 HD SE) in the config file
Found existing channel (xmltv_id=TV4 Sport Live 3 SE) in the config file
Found existing channel (xmltv_id=Food Network UK) in the config file
Found existing channel (xmltv_id=BBC One HD UK) in the config file
Found existing channel (xmltv_id=Sky Witness HD UK) in the config file
Found existing channel (xmltv_id=Sky Documentaries HD UK) in the config file
Found existing channel (xmltv_id=True Crime Network UK) in the config file
Found existing channel (xmltv_id=Sky Crime FHD UK) in the config file
Found existing channel (xmltv_id=ABC Melbourne AU) in the config file
Found existing channel (xmltv_id=ABC News AU) in the config file
Found existing channel (xmltv_id=Sky Sports F1 HD UK) in the config file
Found existing channel (xmltv_id=Sky Sports F1 FHD UK) in the config file
.......................................................


      i=index  .=same  c=change  g=gab  r=replace  n=new


Group (0) :
update requested for - 53 - out of - 53 - channels for 7 day(s)
(   1/53  ) DAGENSTV.COM -- chan. (xmltv_id=SVT1 FHD SE) -- mode Force
iiiiiiinnnnnnnnnnnnnnnnnnnnnnnnnnnnnnnnnnnnnnnnnnnnnnnnnnnnnnnnnnnnnnnnnnnnnnnnnnnnnnnnnnnnnnnnnnnnnnnnnnnnnnnnnnnnnnnnnnnnnnnnnnnnnnnnnnnnnnnnnnnnnnnnnnnnnnnnnnnnnnnnnnnnnnnnnnnnnnnnnnnnnnnnnnnnnnn

   Summary for update of       SVT1 FHD SE
     missing shows added       0
     changed shows updated     0
     new shows added           191
     unchanged shows inspected 0
     total after update        191

(   2/53  ) DAGENSTV.COM -- chan. (xmltv_id=SVT2 FHD SE) -- mode Force
iiiiiiinnnnnnnnnnnnnnnnnnnnnnnnnnnnnnnnnnnnnnnnnnnnnnnnnnnnnnnnnnnnnnnnnnnnnnnnnnnnnnnnnnnnnnnnnnnnnnnnnnnnnnnnnnnnnnnnnnnnnnnnnnnnnnnnnnnnnnnnnnnnnnnnnnnnnnnnn

   Summary for update of       SVT2 FHD SE
     missing shows added       0
     changed shows updated     0
     new shows added           153
     unchanged shows inspected 0
     total after update        153

(   3/53  ) DAGENSTV.COM -- chan. (xmltv_id=TV3 FHD SE) -- mode Force
iiiiiiinnnnnnnnnnnnnnnnnnnnnnnnnnnnnnnnnnnnnnnnnnnnnnnnnnnnnnnnnnnnnnnnnnnnnnnnnnnnnnnnnnnnnnnnnnnnnnnnnnnnnnnnnnnnnnnnnnnnnnnnnnnnnnnnnnnnnnnnnnnnnnnnnnnnnnnnnnnnnnnnnnnnnnnn

   Summary for update of       TV3 FHD SE
     missing shows added       0
     changed shows updated     0
     new shows added           168
     unchanged shows inspected 0
     total after update        168

(   4/53  ) DAGENSTV.COM -- chan. (xmltv_id=TV4 FHD SE) -- mode Force
iiiiiiinnnnnnnnnnnnnnnnnnnnnnnnnnnnnnnnnnnnnnnnnnnnnnnnnnnnnnnnnnnnnnnnnnnnnnnnnnnnnnnnnnnnnnnnnnnnnnnnnnnnnnnnnnnnnnnnnnnnnnnnnnnnnnnnn

   Summary for update of       TV4 FHD SE
     missing shows added       0
     changed shows updated     0
     new shows added           129
     unchanged shows inspected 0
     total after update        129

(   5/53  ) DAGENSTV.COM -- chan. (xmltv_id=Kanal 5 FHD SE) -- mode Force
iiiiiiinnnnnnnnnnnnnnnnnnnnnnnnnnnnnnnnnnnnnnnnnnnnnnnnnnnnnnnnnnnnnnnnnnnnnnnnnnnnnnnnnnnnnnnnnnnnnnnnnnnnnnnnnnnnnnnnnnnnnnnnnnnnnnnnnnnnnnnnnnnnnnnnnnnnnnnnnnnnnnnnnnnnnnnnnnnn

   Summary for update of       Kanal 5 FHD SE
     missing shows added       0
     changed shows updated     0
     new shows added           172
     unchanged shows inspected 0
     total after update        172

(   6/53  ) DAGENSTV.COM -- chan. (xmltv_id=TV6 HD SE) -- mode Force
iiiiiiinnnnnnnnnnnnnnnnnnnnnnnnnnnnnnnnnnnnnnnnnnnnnnnnnnnnnnnnnnnnnnnnnnnnnnnnnnnnnnnnnnnnnnnnnnnnnnnnnnnnnnnnnnnnnnnnnnnnnnnnnnnnnnnnnnnnnnnnnnnnnnnnnnnnnnnnnnnnnnnnnnnnnnnnnnnnnnnnnnnnnnnnnnnnnnn

   Summary for update of       TV6 HD SE
     missing shows added       0
     changed shows updated     0
     new shows added           191
     unchanged shows inspected 0
     total after update        191

(   7/53  ) DAGENSTV.COM -- chan. (xmltv_id=Sjuan HD SE) -- mode Force
iiiiiiinnnnnnnnnnnnnnnnnnnnnnnnnnnnnnnnnnnnnnnnnnnnnnnnnnnnnnnnnnnnnnnnnnnnnnnnnnnnnnnnnnnnnnnnnnnnnnnnnnnnnnnnnnnnnnnnnnnnnnnnnnnnnnnnnnnnnnnnnnnnnnnnnnnnnnnnnnnnnnnnnnnnnnnn

   Summary for update of       Sjuan HD SE
     missing shows added       0
     changed shows updated     0
     new shows added           168
     unchanged shows inspected 0
     total after update        168

(   8/53  ) DAGENSTV.COM -- chan. (xmltv_id=TV8 FHD SE) -- mode Force
iiiiiiinnnnnnnnnnnnnnnnnnnnnnnnnnnnnnnnnnnnnnnnnnnnnnnnnnnnnnnnnnnnnnnnnnnnnnnnnnnnnnnnnnnnnnnnnnnnnnnnnnnnnnnnnnnnnnnnnnnnnnnnnnnnnnnnnnnnnnnnnnnnnnnnnnnnnnnn

   Summary for update of       TV8 FHD SE
     missing shows added       0
     changed shows updated     0
     new shows added           152
     unchanged shows inspected 0
     total after update        152

(   9/53  ) DAGENSTV.COM -- chan. (xmltv_id=Kanal 9 FHD SE) -- mode Force
iiiiiiinnnnnnnnnnnnnnnnnnnnnnnnnnnnnnnnnnnnnnnnnnnnnnnnnnnnnnnnnnnnnnnnnnnnnnnnnnnnnnnnnnnnnnnnnnnnnnnnnnnnnnnnnnnnnnnnnnnnnnnnnnnnnnnnnnnnnnnnnnnnnnnnnnnnnnnnnnnnnnnnnnnnnnnnnnnnnnnnnnnnnnnnnnnnnnnnnnnnnnnnnnnnnnnnnnnnnnnnnnnnnnn

   Summary for update of       Kanal 9 FHD SE
     missing shows added       0
     changed shows updated     0
     new shows added           223
     unchanged shows inspected 0
     total after update        223

(  10/53  ) DAGENSTV.COM -- chan. (xmltv_id=TV10 HD SE) -- mode Force
iiiiiiinnnnnnnnnnnnnnnnnnnnnnnnnnnnnnnnnnnnnnnnnnnnnnnnnnnnnnnnnnnnnnnnnnnnnnnnnnnnnnnnnnnnnnnnnnnnnnnnnnnnnnnnnnnnnnnnnnnnnnnnnnnnnnnnnnnnnnnnnnnnnnnnnnnnnnnnnnnnnnnnnnnnnnnnnnnnnnnnnnnnnnnnnnnnnnnnnnnnnnn

   Summary for update of       TV10 HD SE
     missing shows added       0
     changed shows updated     0
     new shows added           199
     unchanged shows inspected 0
     total after update        199

(  11/53  ) DAGENSTV.COM -- chan. (xmltv_id=Kanal 11 HD SE) -- mode Force
iiiiiiinnnnnnnnnnnnnnnnnnnnnnnnnnnnnnnnnnnnnnnnnnnnnnnnnnnnnnnnnnnnnnnnnnnnnnnnnnnnnnnnnnnnnnnnnnnnnnnnnnnnnnnnnnnnnnnnnnnnnnnnnnnnnnnnnnnnnnnnnnnnnnnnnnnnnnnnnnnnnnnnnnnnnnnnnnnnnnnnnnnnnnnnnnnnnnnnnnnnnnnnnn

   Summary for update of       Kanal 11 HD SE
     missing shows added       0
     changed shows updated     0
     new shows added           202
     unchanged shows inspected 0
     total after update        202

(  12/53  ) DAGENSTV.COM -- chan. (xmltv_id=TV12 HD SE) -- mode Force
iiiiiiinnnnnnnnnnnnnnnnnnnnnnnnnnnnnnnnnnnnnnnnnnnnnnnnnnnnnnnnnnnnnnnnnnnnnnnnnnnnnnnnnnnnnnnnnnnnnnnnnnnnnnnnnnnnnnnnnnnnnnnnnnnnnnnnnnnnnnnnnnnnnnnnnnnnn

   Summary for update of       TV12 HD SE
     missing shows added       0
     changed shows updated     0
     new shows added           149
     unchanged shows inspected 0
     total after update        149

(  13/53  ) DAGENSTV.COM -- chan. (xmltv_id=TV12 FHD SE) -- mode Force
iiiiiiinnnnnnnnnnnnnnnnnnnnnnnnnnnnnnnnnnnnnnnnnnnnnnnnnnnnnnnnnnnnnnnnnnnnnnnnnnnnnnnnnnnnnnnnnnnnnnnnnnnnnnnnnnnnnnnnnnnnnnnnnnnnnnnnnnnnnnnnnnnnnnnnnnnnn

   Summary for update of       TV12 FHD SE
     missing shows added       0
     changed shows updated     0
     new shows added           149
     unchanged shows inspected 0
     total after update        149

(  14/53  ) DAGENSTV.COM -- chan. (xmltv_id=Travel Channel HD SE) -- mode Force
iiiiiiinnnnnnnnnnnnnnnnnnnnnnnnnnnnnnnnnnnnnnnnnnnnnnnnnnnnnnnnnnnnnnnnnnnnnnnnnnnnnnnnnnnnnnnnnnnnnnnnnnnnnnnnnnnnnnnnnnnnnnnnnnnnnnnnnnnnnnnnnnnnnnnnnnnnnnnnnnnnnnnnnnnn

   Summary for update of       Travel Channel HD SE
     missing shows added       0
     changed shows updated     0
     new shows added           164
     unchanged shows inspected 0
     total after update        164

(  15/53  ) VIRGINMEDIA.COM -- chan. (xmltv_id=TLC FHD SE) -- mode Force
pipipipipipipipipipipipipipipipipipipipipipipipipipipipi
no shows in indexpage!

   Summary for update of       TLC FHD SE
     no changes, no update necessary !
     unchanged shows inspected 0
     total after update        0

(  16/53  ) ALLENTE.SE -- chan. (xmltv_id=GodareTV FHD SE) -- mode Force
i
error downloading page: Name or service not known (cs-vcb.allente.se:443)
Unable to update channel GodareTV FHD SE
Generic syntax exception:
   message: 
no index page data received from GodareTV FHD SE
unable to update channel, try again later
Existing guide data restored!
(  16/53  ) DAGENSTV.COM -- chan. (xmltv_id=TV4 Guld SE) -- mode Force
iiiiiiinnnnnnnnnnnnnnnnnnnnnnnnnnnnnnnnnnnnnnnnnnnnnnnnnnnnnnnnnnnnnnnnnnnnnnnnnnnnnnnnnnnnnnnnnnnnnnnnnnnnnnnnnnnnnnnnnnnnnnnnnnnnnnnnnnnnnnnnnnnnnnnn

   Summary for update of       TV4 Guld SE
     missing shows added       0
     changed shows updated     0
     new shows added           144
     unchanged shows inspected 0
     total after update        144

(  17/53  ) ALLENTE.SE_SIMPLE -- chan. (xmltv_id=BBC Nordic FHD SE) -- mode Force
i
error downloading page: Name or service not known (cs-vcb.allente.se:443)
Unable to update channel BBC Nordic FHD SE
Generic syntax exception:
   message: 
no index page data received from BBC Nordic FHD SE
unable to update channel, try again later
Existing guide data restored!
(  17/53  ) DAGENSTV.COM -- chan. (xmltv_id=Discovery Science FHD SE) -- mode Force
iiiiiiinnnnnnnnnnnnnnnnnnnnnnnnnnnnnnnnnnnnnnnnnnnnnnnnnnnnnnnnnnnnnnnnnnnnnnnnnnnnnnnnnnnnnnnnnnnnnnnnnnnnnnnnnnnnnnnnnnnnnnnnnnnnnnnnnnnnnnnnnnnnnnnnnnnnnnnnnnnnnnnnnnnnnnnnnnnnnnnnnnnnnnnnnnnnnnnnnnnnnnnnnnnnnnnnnnnnnnnnnnnnnnnnnnnnnnnnnnnnnnnnnnnnnnnnnnnnnnnnnnnnnnnnnnnnnnnnnnnnnnn

   Summary for update of       Discovery Science FHD SE
     missing shows added       0
     changed shows updated     0
     new shows added           279
     unchanged shows inspected 0
     total after update        279

(  18/53  ) DAGENSTV.COM -- chan. (xmltv_id=Discovery Channel FHD SE) -- mode Force
iiiiiiinnnnnnnnnnnnnnnnnnnnnnnnnnnnnnnnnnnnnnnnnnnnnnnnnnnnnnnnnnnnnnnnnnnnnnnnnnnnnnnnnnnnnnnnnnnnnnnnnnnnnnnnnnnnnnnnnnnnnnnnnnnnnnnnnnnnnnnnnnnnnnnnnnnnnnnnnnnnnnnnnnnnnnnnnnnnnnnnnnnnnnnnnnnnnnnnnnnnnnnnnnnnnnnnnnnnnnnnnnnnnnnnnnnnnnnnnnnnnnnnnnnnnnnnnnnnnnnnnnnnnnnnnnnnnnnnnnnnnnnnnnnnnnnnnnnnnnnnnnnnnnnnnnnnnnnnnnnnnnnnnnnnnnnnnnnnnnnnnnnnnnnnnnnnnnnnnnnnnnnnnnnnnnnnnnnnnnnnnnnnnnnnnnnnnnnnnnnnnnnnnnnnnnnnnnnnnnnnnnnnnnnnnnnnnnnnnnnnnnnnnnnnnnnnnnnnnnnnnnnnnnnnnnnnnnnnnnnnnnnnnnnnnnnnnnnnnnnnnnnnnnnnnnnnnnnnnnnnnnnnnnnnnnnnnnnnnnnnnnnnn

   Summary for update of       Discovery Channel FHD SE
     missing shows added       0
     changed shows updated     0
     new shows added           541
     unchanged shows inspected 0
     total after update        541

(  19/53  ) ALLENTE.SE_SIMPLE -- chan. (xmltv_id=Investigation Discovery HD SE) -- mode Force
i
error downloading page: Name or service not known (cs-vcb.allente.se:443)
Unable to update channel Investigation Discovery HD SE
Generic syntax exception:
   message: 
no index page data received from Investigation Discovery HD SE
unable to update channel, try again later
Existing guide data restored!
(  19/53  ) DAGENSTV.COM -- chan. (xmltv_id=Investigation Discovery SE) -- mode Force
iiiiiiinnnnnnnnnnnnnnnnnnnnnnnnnnnnnnnnnnnnnnnnnnnnnnnnnnnnnnnnnnnnnnnnnnnnnnnnnnnnnnnnnnnnnnnnnnnnnnnnnnnnnnnnnnnnnnnnnnnnnnnnnnnnnnnnnnnnnnnnnnnnnnnnnnnnnnnnnnnnnnnnnnnnnnnnnnnn

   Summary for update of       Investigation Discovery SE
     missing shows added       0
     changed shows updated     0
     new shows added           172
     unchanged shows inspected 0
     total after update        172

(  20/53  ) DAGENSTV.COM -- chan. (xmltv_id=Animal Planet FHD SE) -- mode Force
iiiiiiinnnnnnnnnnnnnnnnnnnnnnnnnnnnnnnnnnnnnnnnnnnnnnnnnnnnnnnnnnnnnnnnnnnnnnnnnnnnnnnnnnnnnnnnnnnnnnnnnnnnnnnnnnnnnnnnnnnnnnnnnnnnnnnnnnnnnnnnnnnnnnnnnnnnnnnnnnnnnnnnnnnnnnnnnnnnnnnnnnnnnnnnnnnnnnnnnnnnn

   Summary for update of       Animal Planet FHD SE
     missing shows added       0
     changed shows updated     0
     new shows added           197
     unchanged shows inspected 0
     total after update        197

(  21/53  ) DAGENSTV.COM -- chan. (xmltv_id=National Geographic FHD SE) -- mode Force
iiiiiiinnnnnnnnnnnnnnnnnnnnnnnnnnnnnnnnnnnnnnnnnnnnnnnnnnnnnnnnnnnnnnnnnnnnnnnnnnnnnnnnnnnnnnnnnnnnnnnnnnnnnnnnnnnnnnnnnnnnnnnnnnnnnnnnnnnnnnnnnnnnnnnnnnnnnnnnnnnnnnnnnnnnnnnn

   Summary for update of       National Geographic FHD SE
     missing shows added       0
     changed shows updated     0
     new shows added           168
     unchanged shows inspected 0
     total after update        168

(  22/53  ) DAGENSTV.COM -- chan. (xmltv_id=History FHD SE) -- mode Force
iiiiiiinnnnnnnnnnnnnnnnnnnnnnnnnnnnnnnnnnnnnnnnnnnnnnnnnnnnnnnnnnnnnnnnnnnnnnnnnnnnnnnnnnnnnnnnnnnnnnnnnnnnnnnnnnnnnnnnnnnnnnnnnnnnnnnnnnnnnnnnnnnnnnnnnnnnnnnnnnnnnnnnnnnnnnnnnnnnnnnnnnn

   Summary for update of       History FHD SE
     missing shows added       0
     changed shows updated     0
     new shows added           179
     unchanged shows inspected 0
     total after update        179

(  23/53  ) ALLENTE.SE_SIMPLE -- chan. (xmltv_id=BBC World News SE) -- mode Force
i
error downloading page: Name or service not known (cs-vcb.allente.se:443)
Unable to update channel BBC World News SE
Generic syntax exception:
   message: 
no index page data received from BBC World News SE
unable to update channel, try again later
Existing guide data restored!
(  23/53  ) ALLENTE.SE_SIMPLE -- chan. (xmltv_id=SVT Kunskapskanalen FHD SE) -- mode Force
i
error downloading page: Name or service not known (cs-vcb.allente.se:443)
Unable to update channel SVT Kunskapskanalen FHD SE
Generic syntax exception:
   message: 
no index page data received from SVT Kunskapskanalen FHD SE
unable to update channel, try again later
Existing guide data restored!
(  23/53  ) DAGENSTV.COM -- chan. (xmltv_id=Al Jazeera FHD SE) -- mode Force
iiiiiiinnnnnnnnnnnnnnnnnnnnnnnnnnnnnnnnnnnnnnnnnnnnnnnnnnnnnnnnnnnnnnnnnnnnnnnnnnnnnnnnnnnnnnnnnnnnnnnnnnnnnnnnnnnnnnnnnnnnnnnnnnnnnnnnnnnnnnnnnnnnnnnnnnnnnnnnnnnnnnnnnnnnnnnnnnnnnnnnnnnnnnnnnnnnnnnnnnnnnnnnnnnnnnnnnnnnnnnnnnnnnnnnnnnnnnnnnnnnnnnnnnnnnnnnnnnnnnnnnn

   Summary for update of       Al Jazeera FHD SE
     missing shows added       0
     changed shows updated     0
     new shows added           258
     unchanged shows inspected 0
     total after update        258

(  24/53  ) DAGENSTV.COM -- chan. (xmltv_id=Eurosport 1 FHD SE) -- mode Force
iiiiiiinnnnnnnnnnnnnnnnnnnnnnnnnnnnnnnnnnnnnnnnnnnnnnnnnnnnnnnnnnnnnnnnnnnnnnnnnnnnnnnnnnnnnnnnnnnnnnnnnn

   Summary for update of       Eurosport 1 FHD SE
     missing shows added       0
     changed shows updated     0
     new shows added           98
     unchanged shows inspected 0
     total after update        98

(  25/53  ) DAGENSTV.COM -- chan. (xmltv_id=Eurosport 2 FHD SE) -- mode Force
iiiiiiinnnnnnnnnnnnnnnnnnnnnnnnnnnnnnnnnnnnnnnnnnnnnnnnnnnnnnnnnnnnnnnnnnnnnnnnnnnnnnnnnnnnnnnnnnnnnnnn

   Summary for update of       Eurosport 2 FHD SE
     missing shows added       0
     changed shows updated     0
     new shows added           96
     unchanged shows inspected 0
     total after update        96

(  26/53  ) ALLENTE.SE_SIMPLE -- chan. (xmltv_id=V Sport Motor FHD SE) -- mode Force
i
error downloading page: Name or service not known (cs-vcb.allente.se:443)
Unable to update channel V Sport Motor FHD SE
Generic syntax exception:
   message: 
no index page data received from V Sport Motor FHD SE
unable to update channel, try again later
Existing guide data restored!
(  26/53  ) ALLENTE.SE -- chan. (xmltv_id=TV4 Motor HD FHD SE) -- mode Force
i
error downloading page: Name or service not known (cs-vcb.allente.se:443)
Unable to update channel TV4 Motor HD FHD SE
Generic syntax exception:
   message: 
no index page data received from TV4 Motor HD FHD SE
unable to update channel, try again later
Existing guide data restored!
(  26/53  ) ALLENTE.SE_SIMPLE -- chan. (xmltv_id=TV4 Hockey FHD SE) -- mode Force
i
error downloading page: Name or service not known (cs-vcb.allente.se:443)
Unable to update channel TV4 Hockey FHD SE
Generic syntax exception:
   message: 
no index page data received from TV4 Hockey FHD SE
unable to update channel, try again later
Existing guide data restored!
(  26/53  ) ALLENTE.SE_SIMPLE -- chan. (xmltv_id=TV4 Sportkanalen FHD SE) -- mode Force
i
error downloading page: Name or service not known (cs-vcb.allente.se:443)
Unable to update channel TV4 Sportkanalen FHD SE
Generic syntax exception:
   message: 
no index page data received from TV4 Sportkanalen FHD SE
unable to update channel, try again later
Existing guide data restored!
(  26/53  ) ALLENTE.SE_SIMPLE -- chan. (xmltv_id=TV4 Sport Live FHD SE) -- mode Force
i
error downloading page: Name or service not known (cs-vcb.allente.se:443)
Unable to update channel TV4 Sport Live FHD SE
Generic syntax exception:
   message: 
no index page data received from TV4 Sport Live FHD SE
unable to update channel, try again later
Existing guide data restored!
(  26/53  ) ALLENTE.SE_SIMPLE -- chan. (xmltv_id=TV4 Sport Live HD SE) -- mode Force
i
error downloading page: Name or service not known (cs-vcb.allente.se:443)
Unable to update channel TV4 Sport Live HD SE
Generic syntax exception:
   message: 
no index page data received from TV4 Sport Live HD SE
unable to update channel, try again later
Existing guide data restored!
(  26/53  ) ALLENTE.SE_SIMPLE -- chan. (xmltv_id=TV4 Sport Live 2 FHD SE) -- mode Force
i
error downloading page: Name or service not known (cs-vcb.allente.se:443)
Unable to update channel TV4 Sport Live 2 FHD SE
Generic syntax exception:
   message: 
no index page data received from TV4 Sport Live 2 FHD SE
unable to update channel, try again later
Existing guide data restored!
(  26/53  ) ALLENTE.SE_SIMPLE -- chan. (xmltv_id=TV4 Sport Live 2 HD SE) -- mode Force
i
error downloading page: Name or service not known (cs-vcb.allente.se:443)
Unable to update channel TV4 Sport Live 2 HD SE
Generic syntax exception:
   message: 
no index page data received from TV4 Sport Live 2 HD SE
unable to update channel, try again later
Existing guide data restored!
(  26/53  ) ALLENTE.SE_SIMPLE -- chan. (xmltv_id=TV4 Sport Live 3 FHD SE) -- mode Force
i
error downloading page: Name or service not known (cs-vcb.allente.se:443)
Unable to update channel TV4 Sport Live 3 FHD SE
Generic syntax exception:
   message: 
no index page data received from TV4 Sport Live 3 FHD SE
unable to update channel, try again later
Existing guide data restored!
(  26/53  ) ALLENTE.SE_SIMPLE -- chan. (xmltv_id=TV4 Sport Live 3 HD SE) -- mode Force
i
error downloading page: Name or service not known (cs-vcb.allente.se:443)
Unable to update channel TV4 Sport Live 3 HD SE
Generic syntax exception:
   message: 
no index page data received from TV4 Sport Live 3 HD SE
unable to update channel, try again later
Existing guide data restored!
(  26/53  ) ALLENTE.SE_SIMPLE -- chan. (xmltv_id=TV4 Sport Live 4 FHD SE) -- mode Force
i
error downloading page: Name or service not known (cs-vcb.allente.se:443)
Unable to update channel TV4 Sport Live 4 FHD SE
Generic syntax exception:
   message: 
no index page data received from TV4 Sport Live 4 FHD SE
unable to update channel, try again later
Existing guide data restored!
(  26/53  ) ALLENTE.SE_SIMPLE -- chan. (xmltv_id=TV4 Sport Live 4 HD SE) -- mode Force
i
error downloading page: Name or service not known (cs-vcb.allente.se:443)
Unable to update channel TV4 Sport Live 4 HD SE
Generic syntax exception:
   message: 
no index page data received from TV4 Sport Live 4 HD SE
unable to update channel, try again later
Existing guide data restored!
(  26/53  ) ALLENTE.SE_SIMPLE -- chan. (xmltv_id=TV4 Sport Live 3 SE) -- mode Force
i
error downloading page: Name or service not known (cs-vcb.allente.se:443)
Unable to update channel TV4 Sport Live 3 SE
Generic syntax exception:
   message: 
no index page data received from TV4 Sport Live 3 SE
unable to update channel, try again later
Existing guide data restored!
(  26/53  ) VIRGINMEDIA.COM -- chan. (xmltv_id=Food Network UK) -- mode Force
iiiiiiinnnnnnnnnnnnnnnnnnnnnnnnnnnnnnnnnnnnnnnnnnnnnnnnnnnnnnnnnnnnnnnnnnnnnnnnnnnnnnnnnnnnnnnnnnnnnnnnnnnnnnnnnnnnnnnnnnnnnnnnnnnnnnnnnnnnnnnnnnnnnnnnnnnnnnnnnnnnnnnnnnnnnnnnnnnnnnnnnnnnnnnnnnnnnnnnnnnnnnnnnnnnnnnnnnnnnnnnnnnnnnnnnnnnnnnnnnnnnnnnnnnnnnnnnnnnnnnnnnnnnnnnnnnnnnnnnnnnnn

   Summary for update of       Food Network UK
     missing shows added       0
     changed shows updated     0
     new shows added           278
     unchanged shows inspected 0
     total after update        278

(  27/53  ) VIRGINMEDIA.COM -- chan. (xmltv_id=BBC One HD UK) -- mode Force
iiiiiiinnnnnnnnnnnnnnnnnnnnnnnnnnnnnnnnnnnnnnnnnnnnnnnnnnnnnnnnnnnnnnnnnnnnnnnnnnnnnnnnnnnnnnnnnnnnnnnnnnnnnnnnnnnnnnnnnnnnnnnnnnnnnnnnnnnnnnnnnnnnnnnnnnnnnnnnnnnnnnnnnnnnnnnnnnnnnnnnnnnnnnnnnnnnnnnnnnnnnnnnnnnnnnnnnnnnnnnnnnnnnnnnnnnnnnnnnnnnnnnnnnnnnnnnnnnnnnnnnnnnnnnn

   Summary for update of       BBC One HD UK
     missing shows added       0
     changed shows updated     0
     new shows added           264
     unchanged shows inspected 0
     total after update        264

(  28/53  ) VIRGINMEDIA.COM -- chan. (xmltv_id=Sky Witness HD UK) -- mode Force
iiiiiiinnnnnnnnnnnnnnnnnnnnnnnnnnnnnnnnnnnnnnnnnnnnnnnnnnnnnnnnnnnnnnnnnnnnnnnnnnnnnnnnnnnnnnnnnnnnnnnnnnnnnnnnnnnnnnnnnnnnnnnnnnnnnnnnnnnnnnnnnnnnnnnnnnnnnnnnnnnnnnnnnnnnnnnnnnnnnnnnnnnnnnnnnnnnnnnnnnnnnnnnnnnnnnnnnnnnnnnnnnn

   Summary for update of       Sky Witness HD UK
     missing shows added       0
     changed shows updated     0
     new shows added           219
     unchanged shows inspected 0
     total after update        219

(  29/53  ) VIRGINMEDIA.COM -- chan. (xmltv_id=Sky Documentaries HD UK) -- mode Force
iiiiiiinnnnnnnnnnnnnnnnnnnnnnnnnnnnnnnnnnnnnnnnnnnnnnnnnnnnnnnnnnnnnnnnnnnnnnnnnnnnnnnnnnnnnnnnnnnnnnnnnnnnnnnnnnnnnnnnnnnnnnnnnnnnnnnnnnnnnnnnnn

   Summary for update of       Sky Documentaries HD UK
     missing shows added       0
     changed shows updated     0
     new shows added           138
     unchanged shows inspected 0
     total after update        138

(  30/53  ) VIRGINMEDIA.COM -- chan. (xmltv_id=True Crime Network UK) -- mode Force
iiiiiiinnnnnnnnnnnnnnnnnnnnnnnnnnnnnnnnnnnnnnnnnnnnnnnnnnnnnnnnnnnnnnnnnnnnnnnnnnnnnnnnnnnnnnnnnnnnnnnnnnnnnnnnnnnnnnnnnnnnnnnnnnnnnnnnnnnnnnnnnnnnnnnnnnnnnnnnnnnnnnnnnnnnnnnnnnnnnnnnnnnnnnnnnnnnnnnnnnnnnnnnnnnnnnnnnnnnnnnnnnnnnnnnnnnnnnnnnnnnnnnnnnnnnnnn

   Summary for update of       True Crime Network UK
     missing shows added       0
     changed shows updated     0
     new shows added           248
     unchanged shows inspected 0
     total after update        248

(  31/53  ) VIRGINMEDIA.COM -- chan. (xmltv_id=Sky Crime FHD UK) -- mode Force
iiiiiiinnnnnnnnnnnnnnnnnnnnnnnnnnnnnnnnnnnnnnnnnnnnnnnnnnnnnnnnnnnnnnnnnnnnnnnnnnnnnnnnnnnnnnnnnnnnnnnnnnnnnnnnnnnnnnnnnnnnnnnnnnnnnnnnnnnnnnnnnnnnnnnnnnnnnnnnnnnnnnnnnnnnnnnnnnnnnn

   Summary for update of       Sky Crime FHD UK
     missing shows added       0
     changed shows updated     0
     new shows added           174
     unchanged shows inspected 0
     total after update        174

(  32/53  ) FREEVIEW.COM.AU -- chan. (xmltv_id=ABC Melbourne AU) -- mode Force
iiiiiiinnnnnnnnnnnnnnnnnnnnnnnnnnnnnnnnnnnnnnnnnnnnnnnnnnnnnnnnnnnnnnnnnnnnnnnnnnnnnnnnnnnnnnnnnnnnnnnnnnnnnnnnnnnnnnnnnnnnnnnnnnnnnnnnnnnnnnnnnnnnnnnnnnnnnnnnnnnnnnnnnnnnnnnnnnnnnnnnnnnnnnnnnnnnnnnnnnnnnn

   Summary for update of       ABC Melbourne AU
     missing shows added       0
     changed shows updated     0
     new shows added           198
     unchanged shows inspected 0
     total after update        198

(  33/53  ) FREEVIEW.COM.AU -- chan. (xmltv_id=ABC News AU) -- mode Force
iiiiiiinnnnnnnnnnnnnnnnnnnnnnnnnnnnnnnnnnnnnnnnnnnnnnnnnnnnnnnnnnnnnnnnnnnnnnnnnnnnnnnnnnnnnnnnnnnnnnnnnnnnnnnnnnnnnnnnnnnnnnnnnnnnnnnnnnnnnnnnnnnnnnnnnnnnnnnnnnnnnnnnnnnnnnnnnnnnnnnnnnnnnnnnnnnnnnnnnnnnnnnnnnnnnnnnnnnnnnnnnnnnnnnnnnnnnnnnnnnnnnnnnnn

   Summary for update of       ABC News AU
     missing shows added       0
     changed shows updated     0
     new shows added           243
     unchanged shows inspected 0
     total after update        243

(  34/53  ) VIRGINMEDIA.COM -- chan. (xmltv_id=Sky Sports F1 HD UK) -- mode Force
iiiiiiinnnnnnnnnnnnnnnnnnnnnnnnnnnnnnnnnnnnnnnnnnnnnnnnnnnnnnnnnnnnnnnnnnnnnnnnnnnnnnnnnnnnnnnnnnnnnnnnnnnnnnnnnnnnnnnnnnnnnnnnnnnnnnnnnnnnnnnnnnnnnnnnnnnnnnnnnnnnnnnnnnnnnnnnnnnnnnnnnnnnnnnnnnnnnn

   Summary for update of       Sky Sports F1 HD UK
     missing shows added       0
     changed shows updated     0
     new shows added           190
     unchanged shows inspected 0
     total after update        190

(  35/53  ) VIRGINMEDIA.COM -- chan. (xmltv_id=Sky Sports F1 FHD UK) -- mode Force
iiiiiiinnnnnnnnnnnnnnnnnnnnnnnnnnnnnnnnnnnnnnnnnnnnnnnnnnnnnnnnnnnnnnnnnnnnnnnnnnnnnnnnnnnnnnnnnnnnnnnnnnnnnnnnnnnnnnnnnnnnnnnnnnnnnnnnnnnnnnnnnnnnnnnnnnnnnnnnnnnnnnnnnnnnnnnnnnnnnnnnnnnnnnnnnnnnnn

   Summary for update of       Sky Sports F1 FHD UK
     missing shows added       0
     changed shows updated     0
     new shows added           190
     unchanged shows inspected 0
     total after update        190



Job finished at 27/09/2026 09:29:12 done in 4m 29s
=== Run finished: sön 27 sep 2026 09:29:20 UTC ===
